== tests/fm-pr-check-security.test.sh
ok - validated merged polls notify once and retire before the next watcher cycle
ok - a repeat identical merged poll for an already-notified task is absorbed, never queued as a main-blocking row
ok - a failed upward merge report keeps its poll armed for repair and retry
ok - staged self-merge and poll interleavings are never silent
ok - a merge detected by the poll is reported upward from a secondmate home exactly once
ok - a different merged PR for the same task gets its own first notification
ok - merged poll retirement preserves every persistent secondmate lifecycle artifact
ok - queue, receipt, and every fixed-path removal crash point recover without loss or repeated execution
ok - open/red, closed-unmerged, malformed, and forge errors remain armed until an exact merged transition
ok - replacement, nonterminal, tampered, and custom results receive no deletion authority
ok - queue failure and untrusted receipts preserve canonical poll evidence
ok - GitHub and GitLab exact merged results share one retirement path
ok - PR and teardown entrypoints reject invalid arguments before every side effect
ok - valid direct and merge flows record exact metadata and reject multiline head metadata
ok - rejected metacharacter bytes remain inert at generation and watcher time
ok - static poll detects branch ancestry independently of merge readiness and remains watcher-bounded
ok - a finished worker with a registered PR poll still receives the merge poll's check: merge landed wake
ok - valid base names reach protection, rulesets, and ancestry through encoded paths
ok - a review-blocked behind head reaches the opted-in owning worker
ok - the per-PR cooldown survives head changes and preserves pending and active work
ok - interrupted atomic preparation cleans private temporaries and publishes nothing
ok - concurrent watchers observe only complete private poll publications
ok - poll publication paths refuse symlinks and directories
ok - live poll and custom-check artifacts require private single-link files
ok - post-rename poll validation faults revoke both names and allow a clean retry
ok - bootstrap does not rewrite unauthenticated checks or emit retired migration diagnostics
ok - watcher signals promptly stop custom checks and clean private state
ok - returned custom check descendants are drained on installed and fallback timeout paths
ok - teardown removes safe poll artifacts and refuses directory-shaped check files without traversal
ok - an unanswered change request emits a blocking review line
ok - non-blocking severity is reported without blocking and says when it is not gating
ok - a handled comment stays handled across pushes
ok - a comment the forge reports outdated is stale and silent
ok - own-author replies never answer, other replies and resolution do
ok - a push without an answer leaves the finding unanswered
ok - ready registration is refused while a blocking finding is unanswered
ok - ready registration is refused when the thread read fails
ok - ready registration is refused when the thread list is truncated
ok - the watcher raises a finding once and records it as handled
ok - the review gate leaves the post-merge record alone
rc=0
== tests/fm-pr-check-local-model.test.sh
ok - fm-pr-check.sh refuses to register a pass-body local-model ship task as ready
ok - fm-pr-check.sh registers a genuine red-first local-model ship task as ready
ok - fm-pr-check.sh leaves a non-local-model ship task's registration unaffected
# all fm-pr-check-local-model tests passed
rc=0
== tests/fm-teardown.test.sh
ok - provably-stale worktree index.lock (old, no live holder) is cleared and teardown succeeds
ok - live-held worktree index.lock is never removed and teardown refuses
ok - lsof errors leave worktree index.lock in place and refuse teardown
ok - stale lock cleanup rechecks and refuses dirty worktree before return
ok - normal repo index.lock is resolved from the worktree and cleared when stale
ok - lock mtime read failures leave worktree index.lock in place and refuse teardown
ok - transient index.lock cleared after first failed return is retried successfully without force-remove
ok - persistent index.lock exhausts retries and refuses without force-removing the lock
ok - empty retry wait overrides use the default without aborting teardown
ok - fractional legacy retry wait remains supported without arithmetic
ok - a task's own parked no-mistakes run is aborted, not orphaned, before the worker is removed
ok - a parked run the pipeline advanced past the task copy is still concluded from the runs ledger, not orphaned
ok - a ledger row for a different head never authorizes a parked-run abort
ok - a malformed ledger row never authorizes a parked-run abort
ok - an impossible ledger date never authorizes a parked-run abort
ok - a terminal status with a stale gate never reaches ledger cleanup
ok - an advanced head present locally aborts through the strict rule alone - the ledger fallback stays dormant
ok - an unresolvable active row with no same-branch anchor is never concluded (conservative refusal)
ok - an ancestor-only anchor never binds an advanced parked run to this task
ok - a terminal unfetched-head row is stale history and never concludes a run
ok - a terminal newest row anchored at this worktree's head never authorizes an abort
ok - a resolvable diverged newer same-branch row makes every older row stale history; no run is concluded
ok - consecutive unresolvable rows are ambiguous and never conclude a run
ok - a ledger-proven continuation is still left alone while the run is autonomously active
ok - teardown refuses before reap or removal when a task-owned run remains parked
ok - a different run cannot confirm the targeted abort
ok - empty post-abort status is not accepted as confirmation
ok - the CLI's exact run-not-found signal confirms completion
ok - a parked run on another branch is never aborted by this task's teardown (ownership is precise)
ok - a task-owned autonomous running step is left alone rather than aborted
ok - a leaked descendant process rooted under the task's worktree is reaped by teardown, not left surviving
ok - a leaked descendant process rooted under the task's per-task tasktmp is reaped by teardown too
ok - missing lsof falls back to reaping the tmux pane process group
ok - an erroring lsof scan refuses teardown and preserves the task
ok - a reused pid with a different start time is never force-killed
ok - an exec change preserves birth identity and the process is reaped
ok - a process spawned during grace is reaped on a later pass
ok - persistent leaked processes refuse teardown after bounded retries
ok - a process exiting during identity lookup does not block teardown
ok - the run abort and the leaked-process reap both complete before the destructive worktree return
rc=0
