### attempt 1 ###
n1_status=still-running n2_status=1
--- n1.out ---
--- n2.out ---
watcher: lock held by live pid 561016 but heartbeat is stale for 842888857s (>300s), and it could not be proven to be this home's watcher or did not stop; inspect or stop that watcher before re-arming.

/tmp/race_scratch2.test.sh: line 10: 561121 Killed                  PATH="$fakebin:$PATH" FM_HOME="$dir" FM_STATE_OVERRIDE="$state" FM_WATCHER_EVICT_WAIT=2 FM_POLL=5 FM_SIGNAL_GRACE=1 FM_CHECK_INTERVAL=999999 FM_HEARTBEAT=999999 "$WATCH" > "$dir/n1.out" 2>&1
### attempt 2 ###
n1_status=still-running n2_status=1
--- n1.out ---
watcher: evicted live watcher pid 565303 (heartbeat is stale for 842888859s (>300s)) with SIGTERM
--- n2.out ---
watcher: evicted live watcher pid 565303 (heartbeat is stale for 842888859s (>300s)) with SIGKILL
watcher: lock held by live pid 565303 but heartbeat is stale for 842888859s (>300s), and it could not be proven to be this home's watcher or did not stop; inspect or stop that watcher before re-arming.

BUG REPRODUCED in /tmp/fm-race-scratch2.gF3eDs/race-evict-2/n2.out (attempt 2)
/tmp/race_scratch2.test.sh: line 10: 565348 Killed                  PATH="$fakebin:$PATH" FM_HOME="$dir" FM_STATE_OVERRIDE="$state" FM_WATCHER_EVICT_WAIT=2 FM_POLL=5 FM_SIGNAL_GRACE=1 FM_CHECK_INTERVAL=999999 FM_HEARTBEAT=999999 "$WATCH" > "$dir/n1.out" 2>&1
### attempt 3 ###
n1_status=1 n2_status=still-running
--- n1.out ---
watcher: evicted live watcher pid 570368 (heartbeat is stale for 842888862s (>300s)) with SIGKILL
watcher: lock held by live pid 570368 but heartbeat is stale for 842888862s (>300s), and it could not be proven to be this home's watcher or did not stop; inspect or stop that watcher before re-arming.
--- n2.out ---
watcher: evicted live watcher pid 570368 (heartbeat is stale for 842888862s (>300s)) with SIGTERM

BUG REPRODUCED in /tmp/fm-race-scratch2.gF3eDs/race-evict-3/n1.out (attempt 3)
/tmp/race_scratch2.test.sh: line 10: 570533 Killed                  PATH="$fakebin:$PATH" FM_HOME="$dir" FM_STATE_OVERRIDE="$state" FM_WATCHER_EVICT_WAIT=2 FM_POLL=5 FM_SIGNAL_GRACE=1 FM_CHECK_INTERVAL=999999 FM_HEARTBEAT=999999 "$WATCH" > "$dir/n2.out" 2>&1
### attempt 4 ###
n1_status=1 n2_status=still-running
--- n1.out ---
watcher: lock held by live pid 578494 but heartbeat is stale for 842888865s (>300s), and it could not be proven to be this home's watcher or did not stop; inspect or stop that watcher before re-arming.
--- n2.out ---
watcher: evicted live watcher pid 578494 (heartbeat is stale for 842888865s (>300s)) with SIGKILL

/tmp/race_scratch2.test.sh: line 10: 578565 Killed                  PATH="$fakebin:$PATH" FM_HOME="$dir" FM_STATE_OVERRIDE="$state" FM_WATCHER_EVICT_WAIT=2 FM_POLL=5 FM_SIGNAL_GRACE=1 FM_CHECK_INTERVAL=999999 FM_HEARTBEAT=999999 "$WATCH" > "$dir/n2.out" 2>&1
### attempt 5 ###
n1_status=1 n2_status=still-running
--- n1.out ---
watcher: lock held by live pid 583391 but heartbeat is stale for 842888867s (>300s), and it could not be proven to be this home's watcher or did not stop; inspect or stop that watcher before re-arming.
--- n2.out ---
watcher: evicted live watcher pid 583391 (heartbeat is stale for 842888867s (>300s)) with SIGKILL

/tmp/race_scratch2.test.sh: line 10: 583431 Killed                  PATH="$fakebin:$PATH" FM_HOME="$dir" FM_STATE_OVERRIDE="$state" FM_WATCHER_EVICT_WAIT=2 FM_POLL=5 FM_SIGNAL_GRACE=1 FM_CHECK_INTERVAL=999999 FM_HEARTBEAT=999999 "$WATCH" > "$dir/n2.out" 2>&1
### attempt 6 ###
n1_status=1 n2_status=still-running
--- n1.out ---
watcher: lock held by live pid 586124 but heartbeat is stale for 842888869s (>300s), and it could not be proven to be this home's watcher or did not stop; inspect or stop that watcher before re-arming.
--- n2.out ---
watcher: evicted live watcher pid 586124 (heartbeat is stale for 842888869s (>300s)) with SIGKILL

/tmp/race_scratch2.test.sh: line 10: 586174 Killed                  PATH="$fakebin:$PATH" FM_HOME="$dir" FM_STATE_OVERRIDE="$state" FM_WATCHER_EVICT_WAIT=2 FM_POLL=5 FM_SIGNAL_GRACE=1 FM_CHECK_INTERVAL=999999 FM_HEARTBEAT=999999 "$WATCH" > "$dir/n2.out" 2>&1
### attempt 7 ###
n1_status=still-running n2_status=1
--- n1.out ---
watcher: evicted live watcher pid 588036 (heartbeat is stale for 842888872s (>300s)) with SIGKILL
--- n2.out ---
watcher: lock held by live pid 588036 but heartbeat is stale for 842888872s (>300s), and it could not be proven to be this home's watcher or did not stop; inspect or stop that watcher before re-arming.

/tmp/race_scratch2.test.sh: line 10: 588124 Killed                  PATH="$fakebin:$PATH" FM_HOME="$dir" FM_STATE_OVERRIDE="$state" FM_WATCHER_EVICT_WAIT=2 FM_POLL=5 FM_SIGNAL_GRACE=1 FM_CHECK_INTERVAL=999999 FM_HEARTBEAT=999999 "$WATCH" > "$dir/n1.out" 2>&1
### attempt 8 ###
n1_status=still-running n2_status=1
--- n1.out ---
watcher: evicted live watcher pid 592436 (heartbeat is stale for 842888874s (>300s)) with SIGKILL
--- n2.out ---
watcher: lock held by live pid 592436 but heartbeat is stale for 842888874s (>300s), and it could not be proven to be this home's watcher or did not stop; inspect or stop that watcher before re-arming.

tests/lib.sh: line 120: 592546 Killed                  PATH="$fakebin:$PATH" FM_HOME="$dir" FM_STATE_OVERRIDE="$state" FM_WATCHER_EVICT_WAIT=2 FM_POLL=5 FM_SIGNAL_GRACE=1 FM_CHECK_INTERVAL=999999 FM_HEARTBEAT=999999 "$WATCH" > "$dir/n1.out" 2>&1
