ok - branch currency deduplicates pending work and reactivates resolved or changed heads
ok - branch-currency delivery validates the capture-replaced poll registration
ok - branch-currency delivery validates the capture-rearmed poll registration
ok - branch-currency delivery validates the replaced poll registration
ok - branch-currency delivery validates the rearmed poll registration
ok - branch-currency delivery validates the unchanged poll registration
ok - a worker replaced during the state read is refused at fm-send's own delivery-time guard
ok - a done verdict sourced from a status log older than the current spawn_gen is refused
ok - a task relaunched for reasons unrelated to its PR still dispatches after the relaunch
ok - a remote-secondmate task is refused honestly instead of a misleading receipt-invalid dispatch
ok - a restart between a confirmed send and its recorded state converges without duplicating work
ok - an unchanged refusal reason wakes once and defers quietly after that
grep: /private/var/folders/h4/89z_m16d0sq00pkwstv182280000gn/T/fm-pr-check-security.WVvhSI/refresh-notification-refused-queue-failure/home/state/.wake-queue: No such file or directory
grep: /private/var/folders/h4/89z_m16d0sq00pkwstv182280000gn/T/fm-pr-check-security.WVvhSI/refresh-notification-refused-queue-failure/home/state/.wake-queue: No such file or directory
ok - refused notification survives queue-failure and suppresses only after durable publication
grep: /private/var/folders/h4/89z_m16d0sq00pkwstv182280000gn/T/fm-pr-check-security.WVvhSI/refresh-notification-blocked-queue-failure/home/state/.wake-queue: No such file or directory
grep: /private/var/folders/h4/89z_m16d0sq00pkwstv182280000gn/T/fm-pr-check-security.WVvhSI/refresh-notification-blocked-queue-failure/home/state/.wake-queue: No such file or directory
ok - blocked notification survives queue-failure and suppresses only after durable publication
grep: /private/var/folders/h4/89z_m16d0sq00pkwstv182280000gn/T/fm-pr-check-security.WVvhSI/refresh-notification-refused-interruption/home/state/.wake-queue: No such file or directory
grep: /private/var/folders/h4/89z_m16d0sq00pkwstv182280000gn/T/fm-pr-check-security.WVvhSI/refresh-notification-refused-interruption/home/state/.wake-queue: No such file or directory
ok - refused notification survives interruption and suppresses only after durable publication
grep: /private/var/folders/h4/89z_m16d0sq00pkwstv182280000gn/T/fm-pr-check-security.WVvhSI/refresh-notification-blocked-interruption/home/state/.wake-queue: No such file or directory
grep: /private/var/folders/h4/89z_m16d0sq00pkwstv182280000gn/T/fm-pr-check-security.WVvhSI/refresh-notification-blocked-interruption/home/state/.wake-queue: No such file or directory
ok - blocked notification survives interruption and suppresses only after durable publication
ok - an opted-out home behaves exactly as it did before this control existed
ok - default refresh timing preserves pending and active work, retries, then blocks an idle unchanged head once
ok - an upgraded poll template is refused with the exact command that re-arms it
ok - raw-byte parser accepts canonical URLs and rejects the complete adversarial matrix
ok - GitLab merge requests are followed on any instance and never wake falsely
ok - validated merged polls notify once and retire before the next watcher cycle
ok - a repeat identical merged poll for an already-notified task is absorbed, never queued as a main-blocking row
ok - a failed upward merge report keeps its poll armed for repair and retry
ok - staged self-merge and poll interleavings are never silent
ok - queued merges retain their away authority after captain return
ok - poll distinguishes attended authorization from external landing
ok - accepted merge authority refuses rebound task metadata
ok - accepted merge authority persists under the lifecycle lock
ok - teardown cannot race merged-poll authority consumption
ok - poll retirement preserves a replacement authority record
ok - a merge detected by the poll is reported upward from a secondmate home exactly once
ok - a different merged PR for the same task gets its own first notification
ok - merged poll retirement preserves every persistent secondmate lifecycle artifact
ok - queue, receipt, and every fixed-path removal crash point recover without loss or repeated execution
ok - open/red, closed-unmerged, malformed, and forge errors remain armed until an exact merged transition
ok - replacement, nonterminal, tampered, and custom results receive no deletion authority
ok - queue failure and untrusted receipts preserve canonical poll evidence
ok - GitHub and GitLab exact merged results share one retirement path
ok - PR and teardown entrypoints reject invalid arguments before every side effect
ok - valid direct and merge flows record exact metadata and reject multiline head metadata
ok - rejected metacharacter bytes remain inert at generation and watcher time
ok - static poll detects branch ancestry independently of merge readiness and remains watcher-bounded
ok - a finished worker with a registered PR poll still receives the merge poll's check: merge landed wake
ok - valid base names reach protection, rulesets, and ancestry through encoded paths
ok - a review-blocked behind head reaches the opted-in owning worker
ok - the per-PR cooldown survives head changes and preserves pending and active work
ok - interrupted atomic preparation cleans private temporaries and publishes nothing
ok - concurrent watchers observe only complete private poll publications
ok - poll publication paths refuse symlinks and directories
ok - live poll and custom-check artifacts require private single-link files
ok - a poll armed before a volume renumber is re-recorded under the control lock and keeps detecting merges
ok - a renumbered registration is never re-recorded around a tampered artifact: swapped-check altered-check swapped-sidecar altered-sidecar altered-template-hash wrong-mode hardlinked-check split-device (foreign-device not exercisable on Darwin), or a pending retirement
ok - direct re-arm publication waits without replacing an armed poll
ok - device re-record publication waits without rewriting its registration
ok - post-rename poll validation faults revoke both names and allow a clean retry
ok - bootstrap does not rewrite unauthenticated checks or emit retired migration diagnostics
ok - watcher signals promptly stop custom checks and clean private state
ok - returned custom check descendants are drained on installed and fallback timeout paths
ok - teardown removes safe poll artifacts and refuses directory-shaped check files without traversal
ok - an unanswered change request emits a blocking review line
ok - non-blocking severity is reported without blocking and says when it is not gating
ok - a handled comment stays handled across pushes
ok - a comment the forge reports outdated is stale and silent
ok - own-author replies never answer, other replies and resolution do
ok - a push without an answer leaves the finding unanswered
ok - ready registration is refused while a blocking finding is unanswered
ok - ready registration is refused when the thread read fails
ok - ready registration is refused when the thread list is truncated
ok - the watcher raises a finding once and records it as handled
ok - the merge record reports unanswered findings and unreadable threads without gating
ok - a CHANGES_REQUESTED review gates even with no inline comment
ok - a dismissed or superseded change-request review no longer gates
ok - thread and review-level refusals print distinct text, both when both are present
ok - rows of an unrecognised shape are reported and refuse the gate
EXIT 0
